// Jest Snapshot v1, https://goo.gl/fbAQLP

exports[`JsonPipe Input Log type 1`] = `
"{\\"time\\":\\"2021/01/10 02:34:52.669\\",\\"level\\":\\"INFO\\",\\"name\\":\\"ClientFactory\\",\\"thread\\":\\"Executor-3-1\\",\\"app\\":\\"message-app\\",\\"guid\\":\\"guid1\\",\\"message\\":\\"First log entry\\",\\"additionalMessage\\":\\"{a: 1}, {b: 2}\\\\n\\"}
{\\"time\\":\\"2021/01/10 02:34:52.669\\",\\"level\\":\\"WARN\\",\\"name\\":\\"ClientFactory\\",\\"thread\\":\\"Executor-3-1\\",\\"app\\":\\"message-app\\",\\"guid\\":\\"guid1\\",\\"message\\":\\"Thread log entry\\",\\"additionalMessage\\":\\"\\"}
"
`;

exports[`JsonPipe Map to JSON 1`] = `
"{\\"id\\":2,\\"firstName\\":\\"JEANETTE\\"}
{\\"id\\":3,\\"firstName\\":\\"GIAVANI\\"}
{\\"id\\":4,\\"firstName\\":\\"NOELL\\"}
{\\"id\\":5,\\"firstName\\":\\"WILLARD\\"}
"
`;

exports[`JsonPipe Map to string 1`] = `
"id: 1
id: 2
id: 3
id: 4
"
`;

exports[`JsonPipe Mask Fields 1`] = `
"{\\"id\\":1,\\"first_name\\":\\"<Masked:len=8>\\",\\"last_name\\":\\"<Masked:len=9>\\",\\"email\\":\\"<Masked:len=22>\\",\\"gender\\":\\"Female\\",\\"ip_address\\":\\"26.58.193.2\\"}
{\\"id\\":2,\\"first_name\\":\\"<Masked:len=7>\\",\\"last_name\\":\\"<Masked:len=8>\\",\\"email\\":\\"<Masked:len=21>\\",\\"gender\\":\\"Male\\",\\"ip_address\\":\\"229.179.4.212\\"}
{\\"id\\":3,\\"first_name\\":\\"<Masked:len=5>\\",\\"last_name\\":\\"<Masked:len=3>\\",\\"email\\":\\"<Masked:len=19>\\",\\"gender\\":\\"Female\\",\\"ip_address\\":\\"180.66.162.255\\"}
{\\"id\\":4,\\"first_name\\":\\"<Masked:len=7>\\",\\"last_name\\":\\"<Masked:len=5>\\",\\"email\\":\\"<Masked:len=14>\\",\\"gender\\":\\"Male\\",\\"ip_address\\":\\"67.76.188.26\\"}
"
`;

exports[`JsonPipe Pretty print 1`] = `
"{
  \\"id\\":1,
  \\"first_name\\":\\"Jeanette\\",
  \\"last_name\\":\\"Penddreth\\",
  \\"email\\":\\"jpenddreth0@census.gov\\",
  \\"gender\\":\\"Female\\",
  \\"ip_address\\":\\"26.58.193.2\\"
}
{
  \\"id\\":2,
  \\"first_name\\":\\"Giavani\\",
  \\"last_name\\":\\"Frediani\\",
  \\"email\\":\\"gfrediani1@senate.gov\\",
  \\"gender\\":\\"Male\\",
  \\"ip_address\\":\\"229.179.4.212\\"
}
{
  \\"id\\":3,
  \\"first_name\\":\\"Noell\\",
  \\"last_name\\":\\"Bea\\",
  \\"email\\":\\"nbea2@imageshack.us\\",
  \\"gender\\":\\"Female\\",
  \\"ip_address\\":\\"180.66.162.255\\"
}
{
  \\"id\\":4,
  \\"first_name\\":\\"Willard\\",
  \\"last_name\\":\\"Valek\\",
  \\"email\\":\\"wvalek3@vk.com\\",
  \\"gender\\":\\"Male\\",
  \\"ip_address\\":\\"67.76.188.26\\"
}
"
`;

exports[`JsonPipe Simple Filter 1`] = `
"{\\"id\\":2,\\"first_name\\":\\"Giavani\\",\\"last_name\\":\\"Frediani\\",\\"email\\":\\"gfrediani1@senate.gov\\",\\"gender\\":\\"Male\\",\\"ip_address\\":\\"229.179.4.212\\"}
{\\"id\\":4,\\"first_name\\":\\"Willard\\",\\"last_name\\":\\"Valek\\",\\"email\\":\\"wvalek3@vk.com\\",\\"gender\\":\\"Male\\",\\"ip_address\\":\\"67.76.188.26\\"}
"
`;

exports[`JsonPipe With Imports 1`] = `
"{\\"id\\":2,\\"firstName\\":\\"JEANETTE\\",\\"gender\\":\\"Female\\"}
{\\"id\\":4,\\"firstName\\":\\"NOELL\\",\\"gender\\":\\"Female\\"}
"
`;

exports[`JsonPipe mapToJson 1`] = `
"{\\"id\\":2,\\"firstName\\":\\"JEANETTE\\"}
{\\"id\\":3,\\"firstName\\":\\"GIAVANI\\"}
{\\"id\\":4,\\"firstName\\":\\"NOELL\\"}
{\\"id\\":5,\\"firstName\\":\\"WILLARD\\"}
"
`;

exports[`JsonPipe mapToJson 2`] = `
"{\\"id\\":2,\\"firstName\\":\\"JEANETTE\\"}
{\\"id\\":3,\\"firstName\\":\\"GIAVANI\\"}
{\\"id\\":4,\\"firstName\\":\\"NOELL\\"}
{\\"id\\":5,\\"firstName\\":\\"WILLARD\\"}
"
`;

exports[`JsonPipe mapToString 1`] = `
"id: 1
id: 2
id: 3
id: 4
"
`;

exports[`JsonPipe mask 1`] = `
"{\\"id\\":1,\\"first_name\\":\\"<Masked:len=8>\\",\\"last_name\\":\\"<Masked:len=9>\\",\\"email\\":\\"<Masked:len=22>\\",\\"gender\\":\\"Female\\",\\"ip_address\\":\\"26.58.193.2\\"}
{\\"id\\":2,\\"first_name\\":\\"<Masked:len=7>\\",\\"last_name\\":\\"<Masked:len=8>\\",\\"email\\":\\"<Masked:len=21>\\",\\"gender\\":\\"Male\\",\\"ip_address\\":\\"229.179.4.212\\"}
{\\"id\\":3,\\"first_name\\":\\"<Masked:len=5>\\",\\"last_name\\":\\"<Masked:len=3>\\",\\"email\\":\\"<Masked:len=19>\\",\\"gender\\":\\"Female\\",\\"ip_address\\":\\"180.66.162.255\\"}
{\\"id\\":4,\\"first_name\\":\\"<Masked:len=7>\\",\\"last_name\\":\\"<Masked:len=5>\\",\\"email\\":\\"<Masked:len=14>\\",\\"gender\\":\\"Male\\",\\"ip_address\\":\\"67.76.188.26\\"}
"
`;

exports[`JsonPipe simpleFilter 1`] = `
"{\\"id\\":2,\\"first_name\\":\\"Giavani\\",\\"last_name\\":\\"Frediani\\",\\"email\\":\\"gfrediani1@senate.gov\\",\\"gender\\":\\"Male\\",\\"ip_address\\":\\"229.179.4.212\\"}
{\\"id\\":4,\\"first_name\\":\\"Willard\\",\\"last_name\\":\\"Valek\\",\\"email\\":\\"wvalek3@vk.com\\",\\"gender\\":\\"Male\\",\\"ip_address\\":\\"67.76.188.26\\"}
"
`;

exports[`JsonPipe withImports 1`] = `
"{\\"id\\":2,\\"firstName\\":\\"JEANETTE\\",\\"gender\\":\\"Female\\"}
{\\"id\\":4,\\"firstName\\":\\"NOELL\\",\\"gender\\":\\"Female\\"}
"
`;
