// Jest Snapshot v1, https://goo.gl/fbAQLP

exports[`TimeAggregator Simple 1`] = `
Array [
  StatisticDataPoint {
    "statistics": Object {
      "n1.a": Statistic {
        "avg": 0,
        "max": 0,
        "min": 0,
        "p50": 0,
        "p90": 0,
        "p99": 0,
        "sum": 0,
        "total": 1,
        "values": Array [
          0,
        ],
      },
      "n2.a": Statistic {
        "avg": 1,
        "max": 1,
        "min": 1,
        "p50": 1,
        "p90": 1,
        "p99": 1,
        "sum": 1,
        "total": 1,
        "values": Array [
          1,
        ],
      },
    },
    "time": 1000,
  },
  StatisticDataPoint {
    "statistics": Object {
      "n1.a": Statistic {
        "avg": 2.5,
        "max": 3,
        "min": 2,
        "p50": 3,
        "p90": 3,
        "p99": 3,
        "sum": 5,
        "total": 2,
        "values": Array [
          2,
          3,
        ],
      },
    },
    "time": 1010,
  },
  StatisticDataPoint {
    "statistics": Object {
      "n1.a": Statistic {
        "avg": 5,
        "max": 5,
        "min": 5,
        "p50": 5,
        "p90": 5,
        "p99": 5,
        "sum": 5,
        "total": 1,
        "values": Array [
          5,
        ],
      },
      "n2.a": Statistic {
        "avg": 4,
        "max": 4,
        "min": 4,
        "p50": 4,
        "p90": 4,
        "p99": 4,
        "sum": 4,
        "total": 1,
        "values": Array [
          4,
        ],
      },
    },
    "time": 1020,
  },
  StatisticDataPoint {
    "statistics": Object {
      "n2.a": Statistic {
        "avg": 6.5,
        "max": 7,
        "min": 6,
        "p50": 7,
        "p90": 7,
        "p99": 7,
        "sum": 13,
        "total": 2,
        "values": Array [
          6,
          7,
        ],
      },
    },
    "time": 1030,
  },
]
`;
